[2026-03-04 09:20:12] ✅ [INFO] ============================================================
[2026-03-04 09:20:12] ✅ [INFO] INICIO PIPELINE ETL
[2026-03-04 09:20:12] ✅ [INFO] Activos     : 20
[2026-03-04 09:20:12] ✅ [INFO] Periodo     : 2019-01-01 → 2026-03-04
[2026-03-04 09:20:12] ✅ [INFO] Fuente      : Investing.com
[2026-03-04 09:20:12] ✅ [INFO] ============================================================
[2026-03-04 09:20:12] ✅ [INFO] 
[1/20] ECOPETROL — Ecopetrol S.A.
[2026-03-04 09:20:12] ✅ [INFO] Extrayendo ECOPETROL (curr_id=23943) desde Investing.com
[2026-03-04 09:20:12] ✅ [INFO] Sesión con Investing.com inicializada correctamente
[2026-03-04 09:20:13] ⚠️  [WARN] HTTP 403 en intento 1/3: 403 Client Error: Forbidden for url: https://www.investing.com/instruments/HistoricalDataAjax
[2026-03-04 09:20:14] ⚠️  [WARN] HTTP 403 en intento 2/3: 403 Client Error: Forbidden for url: https://www.investing.com/instruments/HistoricalDataAjax
[2026-03-04 09:20:16] ⚠️  [WARN] HTTP 403 en intento 3/3: 403 Client Error: Forbidden for url: https://www.investing.com/instruments/HistoricalDataAjax
[2026-03-04 09:20:16] ❌ [ERROR] ECOPETROL: todos los reintentos fallaron
[2026-03-04 09:20:16] ❌ [ERROR] ECOPETROL: omitido por falla en extracción
[2026-03-04 09:20:17] ✅ [INFO] 
[2/20] ISA — Interconexión Eléctrica
[2026-03-04 09:20:17] ✅ [INFO] Extrayendo ISA (curr_id=23944) desde Investing.com
[2026-03-04 09:20:17] ⚠️  [WARN] HTTP 403 en intento 1/3: 403 Client Error: Forbidden for url: https://www.investing.com/instruments/HistoricalDataAjax
[2026-03-04 09:20:18] ⚠️  [WARN] HTTP 403 en intento 2/3: 403 Client Error: Forbidden for url: https://www.investing.com/instruments/HistoricalDataAjax
[2026-03-04 09:20:21] ⚠️  [WARN] HTTP 403 en intento 3/3: 403 Client Error: Forbidden for url: https://www.investing.com/instruments/HistoricalDataAjax
[2026-03-04 09:20:21] ❌ [ERROR] ISA: todos los reintentos fallaron
[2026-03-04 09:20:21] ❌ [ERROR] ISA: omitido por falla en extracción
[2026-03-04 09:20:22] ✅ [INFO] 
[3/20] GEB — Grupo Energía Bogotá
[2026-03-04 09:20:22] ✅ [INFO] Extrayendo GEB (curr_id=23950) desde Investing.com
[2026-03-04 09:20:22] ⚠️  [WARN] HTTP 403 en intento 1/3: 403 Client Error: Forbidden for url: https://www.investing.com/instruments/HistoricalDataAjax
[2026-03-04 09:20:23] ⚠️  [WARN] HTTP 403 en intento 2/3: 403 Client Error: Forbidden for url: https://www.investing.com/instruments/HistoricalDataAjax
[2026-03-04 09:20:25] ⚠️  [WARN] HTTP 403 en intento 3/3: 403 Client Error: Forbidden for url: https://www.investing.com/instruments/HistoricalDataAjax
[2026-03-04 09:20:25] ❌ [ERROR] GEB: todos los reintentos fallaron
[2026-03-04 09:20:25] ❌ [ERROR] GEB: omitido por falla en extracción
[2026-03-04 09:20:27] ✅ [INFO] 
[4/20] GRUPOSURA — Grupo Sura
[2026-03-04 09:20:27] ✅ [INFO] Extrayendo GRUPOSURA (curr_id=23956) desde Investing.com
[2026-03-04 09:20:27] ⚠️  [WARN] HTTP 403 en intento 1/3: 403 Client Error: Forbidden for url: https://www.investing.com/instruments/HistoricalDataAjax
[2026-03-04 09:20:28] ⚠️  [WARN] HTTP 403 en intento 2/3: 403 Client Error: Forbidden for url: https://www.investing.com/instruments/HistoricalDataAjax
[2026-03-04 09:20:30] ⚠️  [WARN] HTTP 403 en intento 3/3: 403 Client Error: Forbidden for url: https://www.investing.com/instruments/HistoricalDataAjax
[2026-03-04 09:20:30] ❌ [ERROR] GRUPOSURA: todos los reintentos fallaron
[2026-03-04 09:20:30] ❌ [ERROR] GRUPOSURA: omitido por falla en extracción
[2026-03-04 09:20:32] ✅ [INFO] 
[5/20] NUTRESA — Grupo Nutresa
[2026-03-04 09:20:32] ✅ [INFO] Extrayendo NUTRESA (curr_id=23958) desde Investing.com
[2026-03-04 09:20:32] ⚠️  [WARN] HTTP 403 en intento 1/3: 403 Client Error: Forbidden for url: https://www.investing.com/instruments/HistoricalDataAjax
[2026-03-04 09:20:33] ⚠️  [WARN] HTTP 403 en intento 2/3: 403 Client Error: Forbidden for url: https://www.investing.com/instruments/HistoricalDataAjax
[2026-03-04 09:20:35] ⚠️  [WARN] HTTP 403 en intento 3/3: 403 Client Error: Forbidden for url: https://www.investing.com/instruments/HistoricalDataAjax
[2026-03-04 09:20:35] ❌ [ERROR] NUTRESA: todos los reintentos fallaron
[2026-03-04 09:20:35] ❌ [ERROR] NUTRESA: omitido por falla en extracción
[2026-03-04 09:20:36] ✅ [INFO] 
[6/20] BANCOLOMBIA — Bancolombia
[2026-03-04 09:20:36] ✅ [INFO] Extrayendo BANCOLOMBIA (curr_id=23960) desde Investing.com
[2026-03-04 09:20:37] ⚠️  [WARN] HTTP 403 en intento 1/3: 403 Client Error: Forbidden for url: https://www.investing.com/instruments/HistoricalDataAjax
[2026-03-04 09:20:38] ⚠️  [WARN] HTTP 403 en intento 2/3: 403 Client Error: Forbidden for url: https://www.investing.com/instruments/HistoricalDataAjax
[2026-03-04 09:20:40] ⚠️  [WARN] HTTP 403 en intento 3/3: 403 Client Error: Forbidden for url: https://www.investing.com/instruments/HistoricalDataAjax
[2026-03-04 09:20:40] ❌ [ERROR] BANCOLOMBIA: todos los reintentos fallaron
[2026-03-04 09:20:40] ❌ [ERROR] BANCOLOMBIA: omitido por falla en extracción
[2026-03-04 09:20:41] ✅ [INFO] 
[7/20] CEMARGOS — Cementos Argos
[2026-03-04 09:20:41] ✅ [INFO] Extrayendo CEMARGOS (curr_id=23962) desde Investing.com
[2026-03-04 09:20:41] ⚠️  [WARN] HTTP 403 en intento 1/3: 403 Client Error: Forbidden for url: https://www.investing.com/instruments/HistoricalDataAjax
[2026-03-04 09:20:42] ⚠️  [WARN] HTTP 403 en intento 2/3: 403 Client Error: Forbidden for url: https://www.investing.com/instruments/HistoricalDataAjax
[2026-03-04 09:20:44] ⚠️  [WARN] HTTP 403 en intento 3/3: 403 Client Error: Forbidden for url: https://www.investing.com/instruments/HistoricalDataAjax
[2026-03-04 09:20:44] ❌ [ERROR] CEMARGOS: todos los reintentos fallaron
[2026-03-04 09:20:44] ❌ [ERROR] CEMARGOS: omitido por falla en extracción
[2026-03-04 09:20:46] ✅ [INFO] 
[8/20] CORFICOLCF — Corficolombiana
[2026-03-04 09:20:46] ✅ [INFO] Extrayendo CORFICOLCF (curr_id=23964) desde Investing.com
[2026-03-04 09:20:46] ⚠️  [WARN] HTTP 403 en intento 1/3: 403 Client Error: Forbidden for url: https://www.investing.com/instruments/HistoricalDataAjax
[2026-03-04 09:20:47] ⚠️  [WARN] HTTP 403 en intento 2/3: 403 Client Error: Forbidden for url: https://www.investing.com/instruments/HistoricalDataAjax
[2026-03-04 09:20:49] ⚠️  [WARN] HTTP 403 en intento 3/3: 403 Client Error: Forbidden for url: https://www.investing.com/instruments/HistoricalDataAjax
[2026-03-04 09:20:49] ❌ [ERROR] CORFICOLCF: todos los reintentos fallaron
[2026-03-04 09:20:49] ❌ [ERROR] CORFICOLCF: omitido por falla en extracción
[2026-03-04 09:20:51] ✅ [INFO] 
[9/20] PFBCOLOM — Bancolombia Pref.
[2026-03-04 09:20:51] ✅ [INFO] Extrayendo PFBCOLOM (curr_id=23966) desde Investing.com
[2026-03-04 09:20:51] ⚠️  [WARN] HTTP 403 en intento 1/3: 403 Client Error: Forbidden for url: https://www.investing.com/instruments/HistoricalDataAjax
[2026-03-04 09:20:52] ⚠️  [WARN] HTTP 403 en intento 2/3: 403 Client Error: Forbidden for url: https://www.investing.com/instruments/HistoricalDataAjax
[2026-03-04 09:20:54] ⚠️  [WARN] HTTP 403 en intento 3/3: 403 Client Error: Forbidden for url: https://www.investing.com/instruments/HistoricalDataAjax
[2026-03-04 09:20:54] ❌ [ERROR] PFBCOLOM: todos los reintentos fallaron
[2026-03-04 09:20:54] ❌ [ERROR] PFBCOLOM: omitido por falla en extracción
[2026-03-04 09:20:56] ✅ [INFO] 
[10/20] PFDAVVNDA — Davivienda Pref.
[2026-03-04 09:20:56] ✅ [INFO] Extrayendo PFDAVVNDA (curr_id=23968) desde Investing.com
[2026-03-04 09:20:56] ⚠️  [WARN] HTTP 403 en intento 1/3: 403 Client Error: Forbidden for url: https://www.investing.com/instruments/HistoricalDataAjax
[2026-03-04 09:20:57] ⚠️  [WARN] HTTP 403 en intento 2/3: 403 Client Error: Forbidden for url: https://www.investing.com/instruments/HistoricalDataAjax
[2026-03-04 09:20:59] ⚠️  [WARN] HTTP 403 en intento 3/3: 403 Client Error: Forbidden for url: https://www.investing.com/instruments/HistoricalDataAjax
[2026-03-04 09:20:59] ❌ [ERROR] PFDAVVNDA: todos los reintentos fallaron
[2026-03-04 09:20:59] ❌ [ERROR] PFDAVVNDA: omitido por falla en extracción
[2026-03-04 09:21:00] ✅ [INFO] 
[11/20] VOO — Vanguard S&P 500 ETF
[2026-03-04 09:21:00] ✅ [INFO] Extrayendo VOO (curr_id=166030) desde Investing.com
[2026-03-04 09:21:00] ⚠️  [WARN] HTTP 403 en intento 1/3: 403 Client Error: Forbidden for url: https://www.investing.com/instruments/HistoricalDataAjax
[2026-03-04 09:21:02] ⚠️  [WARN] HTTP 403 en intento 2/3: 403 Client Error: Forbidden for url: https://www.investing.com/instruments/HistoricalDataAjax
[2026-03-04 09:21:04] ⚠️  [WARN] HTTP 403 en intento 3/3: 403 Client Error: Forbidden for url: https://www.investing.com/instruments/HistoricalDataAjax
[2026-03-04 09:21:04] ❌ [ERROR] VOO: todos los reintentos fallaron
[2026-03-04 09:21:04] ❌ [ERROR] VOO: omitido por falla en extracción
[2026-03-04 09:21:05] ✅ [INFO] 
[12/20] CSPX — iShares Core S&P 500
[2026-03-04 09:21:05] ✅ [INFO] Extrayendo CSPX (curr_id=953624) desde Investing.com
[2026-03-04 09:21:05] ⚠️  [WARN] HTTP 403 en intento 1/3: 403 Client Error: Forbidden for url: https://www.investing.com/instruments/HistoricalDataAjax
[2026-03-04 09:21:06] ⚠️  [WARN] HTTP 403 en intento 2/3: 403 Client Error: Forbidden for url: https://www.investing.com/instruments/HistoricalDataAjax
[2026-03-04 09:21:08] ⚠️  [WARN] HTTP 403 en intento 3/3: 403 Client Error: Forbidden for url: https://www.investing.com/instruments/HistoricalDataAjax
[2026-03-04 09:21:08] ❌ [ERROR] CSPX: todos los reintentos fallaron
[2026-03-04 09:21:08] ❌ [ERROR] CSPX: omitido por falla en extracción
[2026-03-04 09:21:10] ✅ [INFO] 
[13/20] GXG — Global X Colombia ETF
[2026-03-04 09:21:10] ✅ [INFO] Extrayendo GXG (curr_id=179504) desde Investing.com
[2026-03-04 09:21:10] ⚠️  [WARN] HTTP 403 en intento 1/3: 403 Client Error: Forbidden for url: https://www.investing.com/instruments/HistoricalDataAjax
[2026-03-04 09:21:11] ⚠️  [WARN] HTTP 403 en intento 2/3: 403 Client Error: Forbidden for url: https://www.investing.com/instruments/HistoricalDataAjax
[2026-03-04 09:21:13] ⚠️  [WARN] HTTP 403 en intento 3/3: 403 Client Error: Forbidden for url: https://www.investing.com/instruments/HistoricalDataAjax
[2026-03-04 09:21:13] ❌ [ERROR] GXG: todos los reintentos fallaron
[2026-03-04 09:21:13] ❌ [ERROR] GXG: omitido por falla en extracción
[2026-03-04 09:21:15] ✅ [INFO] 
[14/20] ILF — iShares Latin America
[2026-03-04 09:21:15] ✅ [INFO] Extrayendo ILF (curr_id=179506) desde Investing.com
[2026-03-04 09:21:15] ⚠️  [WARN] HTTP 403 en intento 1/3: 403 Client Error: Forbidden for url: https://www.investing.com/instruments/HistoricalDataAjax
[2026-03-04 09:21:16] ⚠️  [WARN] HTTP 403 en intento 2/3: 403 Client Error: Forbidden for url: https://www.investing.com/instruments/HistoricalDataAjax
[2026-03-04 09:21:18] ⚠️  [WARN] HTTP 403 en intento 3/3: 403 Client Error: Forbidden for url: https://www.investing.com/instruments/HistoricalDataAjax
[2026-03-04 09:21:18] ❌ [ERROR] ILF: todos los reintentos fallaron
[2026-03-04 09:21:18] ❌ [ERROR] ILF: omitido por falla en extracción
[2026-03-04 09:21:19] ✅ [INFO] 
[15/20] EWW — iShares MSCI Mexico
[2026-03-04 09:21:19] ✅ [INFO] Extrayendo EWW (curr_id=179510) desde Investing.com
[2026-03-04 09:21:19] ⚠️  [WARN] HTTP 403 en intento 1/3: 403 Client Error: Forbidden for url: https://www.investing.com/instruments/HistoricalDataAjax
[2026-03-04 09:21:20] ⚠️  [WARN] HTTP 403 en intento 2/3: 403 Client Error: Forbidden for url: https://www.investing.com/instruments/HistoricalDataAjax
[2026-03-04 09:21:23] ⚠️  [WARN] HTTP 403 en intento 3/3: 403 Client Error: Forbidden for url: https://www.investing.com/instruments/HistoricalDataAjax
[2026-03-04 09:21:23] ❌ [ERROR] EWW: todos los reintentos fallaron
[2026-03-04 09:21:23] ❌ [ERROR] EWW: omitido por falla en extracción
[2026-03-04 09:21:24] ✅ [INFO] 
[16/20] XLF — Financial Select SPDR
[2026-03-04 09:21:24] ✅ [INFO] Extrayendo XLF (curr_id=179512) desde Investing.com
[2026-03-04 09:21:24] ⚠️  [WARN] HTTP 403 en intento 1/3: 403 Client Error: Forbidden for url: https://www.investing.com/instruments/HistoricalDataAjax
[2026-03-04 09:21:25] ⚠️  [WARN] HTTP 403 en intento 2/3: 403 Client Error: Forbidden for url: https://www.investing.com/instruments/HistoricalDataAjax
[2026-03-04 09:21:27] ⚠️  [WARN] HTTP 403 en intento 3/3: 403 Client Error: Forbidden for url: https://www.investing.com/instruments/HistoricalDataAjax
[2026-03-04 09:21:27] ❌ [ERROR] XLF: todos los reintentos fallaron
[2026-03-04 09:21:27] ❌ [ERROR] XLF: omitido por falla en extracción
[2026-03-04 09:21:29] ✅ [INFO] 
[17/20] XLE — Energy Select SPDR
[2026-03-04 09:21:29] ✅ [INFO] Extrayendo XLE (curr_id=179514) desde Investing.com
[2026-03-04 09:21:29] ⚠️  [WARN] HTTP 403 en intento 1/3: 403 Client Error: Forbidden for url: https://www.investing.com/instruments/HistoricalDataAjax
[2026-03-04 09:21:30] ⚠️  [WARN] HTTP 403 en intento 2/3: 403 Client Error: Forbidden for url: https://www.investing.com/instruments/HistoricalDataAjax
[2026-03-04 09:21:32] ⚠️  [WARN] HTTP 403 en intento 3/3: 403 Client Error: Forbidden for url: https://www.investing.com/instruments/HistoricalDataAjax
[2026-03-04 09:21:32] ❌ [ERROR] XLE: todos los reintentos fallaron
[2026-03-04 09:21:32] ❌ [ERROR] XLE: omitido por falla en extracción
[2026-03-04 09:21:34] ✅ [INFO] 
[18/20] EEM — iShares MSCI EM
[2026-03-04 09:21:34] ✅ [INFO] Extrayendo EEM (curr_id=179516) desde Investing.com
[2026-03-04 09:21:34] ⚠️  [WARN] HTTP 403 en intento 1/3: 403 Client Error: Forbidden for url: https://www.investing.com/instruments/HistoricalDataAjax
[2026-03-04 09:21:35] ⚠️  [WARN] HTTP 403 en intento 2/3: 403 Client Error: Forbidden for url: https://www.investing.com/instruments/HistoricalDataAjax
[2026-03-04 09:21:37] ✅ [INFO] ============================================================
[2026-03-04 09:21:37] ✅ [INFO] INICIO PIPELINE ETL
[2026-03-04 09:21:37] ✅ [INFO] Activos     : 20
[2026-03-04 09:21:37] ✅ [INFO] Periodo     : 2019-01-01 → 2026-03-04
[2026-03-04 09:21:37] ✅ [INFO] Fuente      : Investing.com
[2026-03-04 09:21:37] ✅ [INFO] ============================================================
[2026-03-04 09:21:37] ✅ [INFO] 
[1/20] ECOPETROL — Ecopetrol S.A.
[2026-03-04 09:21:37] ✅ [INFO] Extrayendo ECOPETROL (curr_id=23943) desde Investing.com
[2026-03-04 09:21:38] ✅ [INFO] Sesión con Investing.com inicializada correctamente
[2026-03-04 09:21:39] ⚠️  [WARN] HTTP 403 (Acceso denegado) en intento 1/3. El sitio puede estar bloqueando el scraping.
[2026-03-04 09:21:39] ✅ [INFO] Re-inicializando sesión...
[2026-03-04 09:21:43] ✅ [INFO] Sesión con Investing.com inicializada correctamente
[2026-03-04 09:21:43] ✅ [INFO] Esperando 2s antes del siguiente intento...
[2026-03-04 09:21:46] ⚠️  [WARN] HTTP 403 (Acceso denegado) en intento 2/3. El sitio puede estar bloqueando el scraping.
[2026-03-04 09:21:46] ✅ [INFO] Re-inicializando sesión...
[2026-03-04 09:21:50] ✅ [INFO] Sesión con Investing.com inicializada correctamente
[2026-03-04 09:21:50] ✅ [INFO] Esperando 4s antes del siguiente intento...
[2026-03-04 09:21:55] ⚠️  [WARN] HTTP 403 (Acceso denegado) en intento 3/3. El sitio puede estar bloqueando el scraping.
[2026-03-04 09:21:55] ❌ [ERROR] ECOPETROL: todos los reintentos fallaron
[2026-03-04 09:21:55] ❌ [ERROR] ECOPETROL: omitido por falla en extracción
[2026-03-04 09:21:58] ✅ [INFO] 
[2/20] ISA — Interconexión Eléctrica
[2026-03-04 09:21:58] ✅ [INFO] Extrayendo ISA (curr_id=23944) desde Investing.com
[2026-03-04 09:21:59] ⚠️  [WARN] HTTP 403 (Acceso denegado) en intento 1/3. El sitio puede estar bloqueando el scraping.
[2026-03-04 09:21:59] ✅ [INFO] Re-inicializando sesión...
[2026-03-04 09:23:16] ✅ [INFO] ============================================================
[2026-03-04 09:23:16] ✅ [INFO] INICIO PIPELINE ETL
[2026-03-04 09:23:16] ✅ [INFO] Activos     : 20
[2026-03-04 09:23:16] ✅ [INFO] Periodo     : 2019-01-01 → 2026-03-04
[2026-03-04 09:23:16] ✅ [INFO] Fuente      : Yahoo Finance
[2026-03-04 09:23:16] ✅ [INFO] ============================================================
[2026-03-04 09:23:16] ✅ [INFO] 
[1/20] ECOPETROL — Ecopetrol S.A.
[2026-03-04 09:23:16] ✅ [INFO] Extrayendo ECOPETROL (ECOPETROL.BO) desde Yahoo Finance
[2026-03-04 09:23:17] ⚠️  [WARN] HTTP 401 en intento 1/3: 401 Client Error: Unauthorized for url: https://query1.finance.yahoo.com/v7/finance/download/ECOPETROL.BO?period1=1546318800&period2=1772600400&interval=1d&events=history&includeAdjustedClose=true
[2026-03-04 09:23:17] ✅ [INFO] Esperando 2s antes del siguiente intento...
[2026-03-04 09:23:19] ⚠️  [WARN] HTTP 401 en intento 2/3: 401 Client Error: Unauthorized for url: https://query1.finance.yahoo.com/v7/finance/download/ECOPETROL.BO?period1=1546318800&period2=1772600400&interval=1d&events=history&includeAdjustedClose=true
[2026-03-04 09:23:19] ✅ [INFO] Esperando 4s antes del siguiente intento...
[2026-03-04 09:23:24] ⚠️  [WARN] HTTP 401 en intento 3/3: 401 Client Error: Unauthorized for url: https://query1.finance.yahoo.com/v7/finance/download/ECOPETROL.BO?period1=1546318800&period2=1772600400&interval=1d&events=history&includeAdjustedClose=true
[2026-03-04 09:23:24] ❌ [ERROR] ECOPETROL: descarga fallida después de todos los reintentos
[2026-03-04 09:23:24] ❌ [ERROR] ECOPETROL: omitido por falla en extracción
[2026-03-04 09:23:27] ✅ [INFO] 
[2/20] ISA — Interconexión Eléctrica
[2026-03-04 09:23:27] ✅ [INFO] Extrayendo ISA (ISA.BO) desde Yahoo Finance
[2026-03-04 09:23:28] ⚠️  [WARN] HTTP 401 en intento 1/3: 401 Client Error: Unauthorized for url: https://query1.finance.yahoo.com/v7/finance/download/ISA.BO?period1=1546318800&period2=1772600400&interval=1d&events=history&includeAdjustedClose=true
[2026-03-04 09:23:28] ✅ [INFO] Esperando 2s antes del siguiente intento...
[2026-03-04 09:23:30] ⚠️  [WARN] HTTP 401 en intento 2/3: 401 Client Error: Unauthorized for url: https://query1.finance.yahoo.com/v7/finance/download/ISA.BO?period1=1546318800&period2=1772600400&interval=1d&events=history&includeAdjustedClose=true
[2026-03-04 09:23:30] ✅ [INFO] Esperando 4s antes del siguiente intento...
[2026-03-04 09:23:35] ⚠️  [WARN] HTTP 401 en intento 3/3: 401 Client Error: Unauthorized for url: https://query1.finance.yahoo.com/v7/finance/download/ISA.BO?period1=1546318800&period2=1772600400&interval=1d&events=history&includeAdjustedClose=true
[2026-03-04 09:23:35] ❌ [ERROR] ISA: descarga fallida después de todos los reintentos
[2026-03-04 09:23:35] ❌ [ERROR] ISA: omitido por falla en extracción
[2026-03-04 09:23:38] ✅ [INFO] 
[3/20] GEB — Grupo Energía Bogotá
[2026-03-04 09:23:38] ✅ [INFO] Extrayendo GEB (GEB.BO) desde Yahoo Finance
[2026-03-04 09:23:38] ⚠️  [WARN] HTTP 401 en intento 1/3: 401 Client Error: Unauthorized for url: https://query1.finance.yahoo.com/v7/finance/download/GEB.BO?period1=1546318800&period2=1772600400&interval=1d&events=history&includeAdjustedClose=true
[2026-03-04 09:23:38] ✅ [INFO] Esperando 2s antes del siguiente intento...
[2026-03-04 09:23:41] ⚠️  [WARN] HTTP 401 en intento 2/3: 401 Client Error: Unauthorized for url: https://query1.finance.yahoo.com/v7/finance/download/GEB.BO?period1=1546318800&period2=1772600400&interval=1d&events=history&includeAdjustedClose=true
[2026-03-04 09:23:41] ✅ [INFO] Esperando 4s antes del siguiente intento...
[2026-03-04 09:23:46] ⚠️  [WARN] HTTP 401 en intento 3/3: 401 Client Error: Unauthorized for url: https://query1.finance.yahoo.com/v7/finance/download/GEB.BO?period1=1546318800&period2=1772600400&interval=1d&events=history&includeAdjustedClose=true
[2026-03-04 09:23:46] ❌ [ERROR] GEB: descarga fallida después de todos los reintentos
[2026-03-04 09:23:46] ❌ [ERROR] GEB: omitido por falla en extracción
[2026-03-04 09:23:49] ✅ [INFO] 
[4/20] GRUPOSURA — Grupo Sura
[2026-03-04 09:23:49] ✅ [INFO] Extrayendo GRUPOSURA (GRUPOSURA.BO) desde Yahoo Finance
[2026-03-04 09:23:49] ⚠️  [WARN] HTTP 401 en intento 1/3: 401 Client Error: Unauthorized for url: https://query1.finance.yahoo.com/v7/finance/download/GRUPOSURA.BO?period1=1546318800&period2=1772600400&interval=1d&events=history&includeAdjustedClose=true
[2026-03-04 09:23:49] ✅ [INFO] Esperando 2s antes del siguiente intento...
[2026-03-04 09:23:52] ⚠️  [WARN] HTTP 401 en intento 2/3: 401 Client Error: Unauthorized for url: https://query1.finance.yahoo.com/v7/finance/download/GRUPOSURA.BO?period1=1546318800&period2=1772600400&interval=1d&events=history&includeAdjustedClose=true
[2026-03-04 09:23:52] ✅ [INFO] Esperando 4s antes del siguiente intento...
[2026-03-04 09:23:57] ⚠️  [WARN] HTTP 401 en intento 3/3: 401 Client Error: Unauthorized for url: https://query1.finance.yahoo.com/v7/finance/download/GRUPOSURA.BO?period1=1546318800&period2=1772600400&interval=1d&events=history&includeAdjustedClose=true
[2026-03-04 09:23:57] ❌ [ERROR] GRUPOSURA: descarga fallida después de todos los reintentos
[2026-03-04 09:23:57] ❌ [ERROR] GRUPOSURA: omitido por falla en extracción
[2026-03-04 09:25:13] ✅ [INFO] ============================================================
[2026-03-04 09:25:13] ✅ [INFO] INICIO PIPELINE ETL
[2026-03-04 09:25:13] ✅ [INFO] Activos     : 20
[2026-03-04 09:25:27] ✅ [INFO] ============================================================
[2026-03-04 09:25:27] ✅ [INFO] INICIO PIPELINE ETL
[2026-03-04 09:25:27] ✅ [INFO] Activos     : 20
[2026-03-04 09:25:27] ✅ [INFO] Periodo     : 2019-01-01 → 2026-03-04
[2026-03-04 09:25:27] ✅ [INFO] Fuente      : Yahoo Finance
[2026-03-04 09:25:27] ✅ [INFO] ============================================================
[2026-03-04 09:25:27] ✅ [INFO] 
[1/20] ECOPETROL — Ecopetrol S.A.
[2026-03-04 09:25:27] ✅ [INFO] Extrayendo ECOPETROL (ECOPETROL.BO) desde Yahoo Finance
[2026-03-04 09:25:27] ✅ [INFO] Inicializando sesión con Yahoo Finance...
[2026-03-04 09:25:29] ✅ [INFO] Crumb obtenido exitosamente
[2026-03-04 09:25:29] ✅ [INFO] Sesión inicializada correctamente
[2026-03-04 09:25:30] ⚠️  [WARN] HTTP 401 en intento 1/3: 401 Client Error: Unauthorized for url: https://query1.finance.yahoo.com/v7/finance/download/ECOPETROL.BO?period1=1546318800&period2=1772600400&interval=1d&events=history&includeAdjustedClose=true&crumb=Ph8HKvVvV1g
[2026-03-04 09:25:30] ✅ [INFO] Esperando 2s antes del siguiente intento...
[2026-03-04 09:25:32] ⚠️  [WARN] HTTP 401 en intento 2/3: 401 Client Error: Unauthorized for url: https://query1.finance.yahoo.com/v7/finance/download/ECOPETROL.BO?period1=1546318800&period2=1772600400&interval=1d&events=history&includeAdjustedClose=true&crumb=Ph8HKvVvV1g
[2026-03-04 09:25:32] ✅ [INFO] Esperando 4s antes del siguiente intento...
